===== System Health Monitor Started at Thu Apr  9 05:52:34 UTC 2026 =====
===== CPU and Memory Usage =====
Timestamp: Thu Apr  9 05:52:34 UTC 2026
CPU Load (1, 5, 15 min):  0.00, 0.00, 0.00
Memory Usage:
               total        used        free      shared  buff/cache   available
Mem:           3.7Gi       399Mi       2.8Gi       3.5Mi       564Mi       3.3Gi
Swap:          1.0Gi          0B       1.0Gi
Top Processes by Memory Usage:
USER         PID %CPU %MEM    VSZ   RSS TTY      STAT START   TIME COMMAND
root         216  0.0  0.5 107024 21760 ?        Ssl  05:43   0:00 /usr/bin/python3 /usr/share/unattended-upgrades/unattended-upgrade-shutdown --wait-for-signal
root         638  0.2  0.5 370076 20096 ?        Ssl  05:52   0:00 /usr/libexec/packagekitd
root          53  0.0  0.3  50416 15068 ?        S<s  05:43   0:00 /usr/lib/systemd/systemd-journald
systemd+     147  0.0  0.3  21452 12672 ?        Ss   05:43   0:00 /usr/lib/systemd/systemd-resolved
root           1  0.2  0.3  21876 12384 ?        Ss   05:43   0:01 /sbin/init
Printed
===== Disk and Network Usage =====
Timestamp: Thu Apr  9 05:52:34 UTC 2026
Disk Usage:
Filesystem      Size  Used Avail Use% Mounted on
none            1.9G     0  1.9G   0% /usr/lib/modules/6.6.87.2-microsoft-standard-WSL2
none            1.9G  4.0K  1.9G   1% /mnt/wsl
drivers         261G  204G   57G  79% /usr/lib/wsl/drivers
/dev/sdd       1007G  2.0G  954G   1% /
none            1.9G   76K  1.9G   1% /mnt/wslg
none            1.9G     0  1.9G   0% /usr/lib/wsl/lib
rootfs          1.9G  2.7M  1.9G   1% /init
none            1.9G  540K  1.9G   1% /run
none            1.9G     0  1.9G   0% /run/lock
none            1.9G     0  1.9G   0% /run/shm
none            1.9G   76K  1.9G   1% /mnt/wslg/versions.txt
none            1.9G   76K  1.9G   1% /mnt/wslg/doc
C:\             261G  204G   57G  79% /mnt/c
D:\             215G   75G  141G  35% /mnt/d
tmpfs           1.9G   16K  1.9G   1% /run/user/1000

Network Statistics:
1: lo: <LOOPBACK,UP,LOWER_UP> mtu 65536 qdisc noqueue state UNKNOWN mode DEFAULT group default qlen 1000
    link/loopback 00:00:00:00:00:00 brd 00:00:00:00:00:00
    RX:  bytes packets errors dropped  missed   mcast           
          3554      30      0       0       0       0 
    TX:  bytes packets errors dropped carrier collsns           
          3554      30      0       0       0       0 
2: eth0: <BROADCAST,MULTICAST,UP,LOWER_UP> mtu 1500 qdisc mq state UP mode DEFAULT group default qlen 1000
    link/ether 00:15:5d:69:b2:73 brd ff:ff:ff:ff:ff:ff
    RX:  bytes packets errors dropped  missed   mcast           
        544520     266      0       0       0      50 
    TX:  bytes packets errors dropped carrier collsns           
         17798     218      0       0       0       0 

/mnt/d/ost/SystemHealthMonitor/scripts/monitor_process_users.sh: line 1: monitor_process_users.sh: command not found
===== Process and User Info =====
Timestamp: Thu Apr  9 05:52:34 UTC 2026
Currently Logged In Users:
sus2liccolony pts/1        2026-04-09 05:43

Running Processes Count:
28

===== Monitoring Completed at Thu Apr  9 05:52:34 UTC 2026 =====
===== CPU and Memory Usage =====
Timestamp: Thu Apr  9 05:52:34 UTC 2026
CPU Load (1, 5, 15 min):  0.00, 0.00, 0.00
Memory Usage:
               total        used        free      shared  buff/cache   available
Mem:           3.7Gi       399Mi       2.8Gi       3.5Mi       565Mi       3.3Gi
Swap:          1.0Gi          0B       1.0Gi
Top Processes by Memory Usage:
USER         PID %CPU %MEM    VSZ   RSS TTY      STAT START   TIME COMMAND
root         216  0.0  0.5 107024 21760 ?        Ssl  05:43   0:00 /usr/bin/python3 /usr/share/unattended-upgrades/unattended-upgrade-shutdown --wait-for-signal
root         638  0.2  0.5 370076 20096 ?        Ssl  05:52   0:00 /usr/libexec/packagekitd
root          53  0.0  0.3  50416 15068 ?        S<s  05:43   0:00 /usr/lib/systemd/systemd-journald
systemd+     147  0.0  0.3  21452 12672 ?        Ss   05:43   0:00 /usr/lib/systemd/systemd-resolved
root           1  0.2  0.3  21876 12384 ?        Ss   05:43   0:01 /sbin/init
Printed
===== Disk and Network Usage =====
Timestamp: Thu Apr  9 05:52:34 UTC 2026
Disk Usage:
Filesystem      Size  Used Avail Use% Mounted on
none            1.9G     0  1.9G   0% /usr/lib/modules/6.6.87.2-microsoft-standard-WSL2
none            1.9G  4.0K  1.9G   1% /mnt/wsl
drivers         261G  204G   57G  79% /usr/lib/wsl/drivers
/dev/sdd       1007G  2.0G  954G   1% /
none            1.9G   76K  1.9G   1% /mnt/wslg
none            1.9G     0  1.9G   0% /usr/lib/wsl/lib
rootfs          1.9G  2.7M  1.9G   1% /init
none            1.9G  540K  1.9G   1% /run
none            1.9G     0  1.9G   0% /run/lock
none            1.9G     0  1.9G   0% /run/shm
none            1.9G   76K  1.9G   1% /mnt/wslg/versions.txt
none            1.9G   76K  1.9G   1% /mnt/wslg/doc
C:\             261G  204G   57G  79% /mnt/c
D:\             215G   75G  141G  35% /mnt/d
tmpfs           1.9G   16K  1.9G   1% /run/user/1000

Network Statistics:
1: lo: <LOOPBACK,UP,LOWER_UP> mtu 65536 qdisc noqueue state UNKNOWN mode DEFAULT group default qlen 1000
    link/loopback 00:00:00:00:00:00 brd 00:00:00:00:00:00
    RX:  bytes packets errors dropped  missed   mcast           
          3554      30      0       0       0       0 
    TX:  bytes packets errors dropped carrier collsns           
          3554      30      0       0       0       0 
2: eth0: <BROADCAST,MULTICAST,UP,LOWER_UP> mtu 1500 qdisc mq state UP mode DEFAULT group default qlen 1000
    link/ether 00:15:5d:69:b2:73 brd ff:ff:ff:ff:ff:ff
    RX:  bytes packets errors dropped  missed   mcast           
        544520     266      0       0       0      50 
    TX:  bytes packets errors dropped carrier collsns           
         17798     218      0       0       0       0 

monitor_process_users.sh: 1: monitor_process_users.sh: not found
===== Process and User Info =====
Timestamp: Thu Apr  9 05:52:34 UTC 2026
Currently Logged In Users:
sus2liccolony pts/1        2026-04-09 05:43

Running Processes Count:
28

